Flow report for DE2_115_D8M_RTL
Wed Sep 30 09:32:17 2026
Quartus Prime Version 18.1.0 Build 625 09/12/2018 SJ Lite Edition


---------------------
; Table of Contents ;
---------------------
  1. Legal Notice
  2. Flow Summary
  3. Flow Settings
  4. Flow Non-Default Global Settings
  5. Flow Elapsed Time
  6. Flow OS Summary
  7. Flow Log
  8. Flow Messages
  9. Flow Suppressed Messages



----------------
; Legal Notice ;
----------------
Copyright (C) 2018  Intel Corporation. All rights reserved.
Your use of Intel Corporation's design tools, logic functions 
and other software and tools, and its AMPP partner logic 
functions, and any output files from any of the foregoing 
(including device programming or simulation files), and any 
associated documentation or information are expressly subject 
to the terms and conditions of the Intel Program License 
Subscription Agreement, the Intel Quartus Prime License Agreement,
the Intel FPGA IP License Agreement, or other applicable license
agreement, including, without limitation, that your use is for
the sole purpose of programming logic devices manufactured by
Intel and sold by Intel or its authorized distributors.  Please
refer to the applicable agreement for further details.



+----------------------------------------------------------------------------------+
; Flow Summary                                                                     ;
+------------------------------------+---------------------------------------------+
; Flow Status                        ; Successful - Wed Sep 30 09:32:17 2026       ;
; Quartus Prime Version              ; 18.1.0 Build 625 09/12/2018 SJ Lite Edition ;
; Revision Name                      ; DE2_115_D8M_RTL                             ;
; Top-level Entity Name              ; DE2_115_D8M_RTL                             ;
; Family                             ; Cyclone IV E                                ;
; Device                             ; EP4CE115F29C7                               ;
; Timing Models                      ; Final                                       ;
; Total logic elements               ; 52,213 / 114,480 ( 46 % )                   ;
;     Total combinational functions  ; 37,086 / 114,480 ( 32 % )                   ;
;     Dedicated logic registers      ; 37,039 / 114,480 ( 32 % )                   ;
; Total registers                    ; 37039                                       ;
; Total pins                         ; 223 / 529 ( 42 % )                          ;
; Total virtual pins                 ; 0                                           ;
; Total memory bits                  ; 1,414,656 / 3,981,312 ( 36 % )              ;
; Embedded Multiplier 9-bit elements ; 288 / 532 ( 54 % )                          ;
; Total PLLs                         ; 3 / 4 ( 75 % )                              ;
+------------------------------------+---------------------------------------------+


+-----------------------------------------+
; Flow Settings                           ;
+-------------------+---------------------+
; Option            ; Setting             ;
+-------------------+---------------------+
; Start date & time ; 09/30/2026 09:11:36 ;
; Main task         ; Compilation         ;
; Revision Name     ; DE2_115_D8M_RTL     ;
+-------------------+---------------------+


+-----------------------------------------------------------------------------------------------------------------------------+
; Flow Non-Default Global Settings                                                                                            ;
+-------------------------------------+----------------------------------------+---------------+-------------+----------------+
; Assignment Name                     ; Value                                  ; Default Value ; Entity Name ; Section Id     ;
+-------------------------------------+----------------------------------------+---------------+-------------+----------------+
; COMPILER_SIGNATURE_ID               ; 110073158955118.179077029517136        ; --            ; --          ; --             ;
; EDA_OUTPUT_DATA_FORMAT              ; Systemverilog Hdl                      ; --            ; --          ; eda_simulation ;
; EDA_SIMULATION_TOOL                 ; ModelSim-Altera (SystemVerilog)        ; <None>        ; --          ; --             ;
; ENABLE_SIGNALTAP                    ; Off                                    ; --            ; --          ; --             ;
; MAX_CORE_JUNCTION_TEMP              ; 85                                     ; --            ; --          ; --             ;
; MIN_CORE_JUNCTION_TEMP              ; 0                                      ; --            ; --          ; --             ;
; MISC_FILE                           ; V/VIDEO_PLL_bb.v                       ; --            ; --          ; --             ;
; MISC_FILE                           ; V/VIDEO_PLL.ppf                        ; --            ; --          ; --             ;
; PARTITION_COLOR                     ; -- (Not supported for targeted family) ; --            ; --          ; Top            ;
; PARTITION_FITTER_PRESERVATION_LEVEL ; -- (Not supported for targeted family) ; --            ; --          ; Top            ;
; PARTITION_NETLIST_TYPE              ; -- (Not supported for targeted family) ; --            ; --          ; Top            ;
; POWER_BOARD_THERMAL_MODEL           ; None (CONSERVATIVE)                    ; --            ; --          ; --             ;
; POWER_PRESET_COOLING_SOLUTION       ; 23 MM HEAT SINK WITH 200 LFPM AIRFLOW  ; --            ; --          ; --             ;
; PROJECT_OUTPUT_DIRECTORY            ; output_files                           ; --            ; --          ; --             ;
+-------------------------------------+----------------------------------------+---------------+-------------+----------------+


+--------------------------------------------------------------------------------------------------------------------------+
; Flow Elapsed Time                                                                                                        ;
+----------------------+--------------+-------------------------+---------------------+------------------------------------+
; Module Name          ; Elapsed Time ; Average Processors Used ; Peak Virtual Memory ; Total CPU Time (on all processors) ;
+----------------------+--------------+-------------------------+---------------------+------------------------------------+
; Analysis & Synthesis ; 00:03:53     ; 1.0                     ; 5364 MB             ; 00:03:47                           ;
; Fitter               ; 00:14:02     ; 1.1                     ; 6324 MB             ; 00:19:23                           ;
; Assembler            ; 00:00:12     ; 1.0                     ; 4894 MB             ; 00:00:11                           ;
; Timing Analyzer      ; 00:00:35     ; 1.3                     ; 5421 MB             ; 00:00:44                           ;
; EDA Netlist Writer   ; 00:01:11     ; 1.0                     ; 5133 MB             ; 00:01:08                           ;
; Total                ; 00:19:53     ; --                      ; --                  ; 00:25:13                           ;
+----------------------+--------------+-------------------------+---------------------+------------------------------------+


+------------------------------------------------------------------------------------+
; Flow OS Summary                                                                    ;
+----------------------+------------------+------------+------------+----------------+
; Module Name          ; Machine Hostname ; OS Name    ; OS Version ; Processor type ;
+----------------------+------------------+------------+------------+----------------+
; Analysis & Synthesis ; DESKTOP-DPELMTN  ; Windows 10 ; 10.0       ; x86_64         ;
; Fitter               ; DESKTOP-DPELMTN  ; Windows 10 ; 10.0       ; x86_64         ;
; Assembler            ; DESKTOP-DPELMTN  ; Windows 10 ; 10.0       ; x86_64         ;
; Timing Analyzer      ; DESKTOP-DPELMTN  ; Windows 10 ; 10.0       ; x86_64         ;
; EDA Netlist Writer   ; DESKTOP-DPELMTN  ; Windows 10 ; 10.0       ; x86_64         ;
+----------------------+------------------+------------+------------+----------------+


------------
; Flow Log ;
------------
quartus_map --read_settings_files=on --write_settings_files=off DE2_115_D8M_RTL -c DE2_115_D8M_RTL
quartus_fit --read_settings_files=off --write_settings_files=off DE2_115_D8M_RTL -c DE2_115_D8M_RTL
quartus_asm --read_settings_files=off --write_settings_files=off DE2_115_D8M_RTL -c DE2_115_D8M_RTL
quartus_sta DE2_115_D8M_RTL -c DE2_115_D8M_RTL
quartus_eda --read_settings_files=off --write_settings_files=off DE2_115_D8M_RTL -c DE2_115_D8M_RTL



